// Jest Snapshot v1, https://goo.gl/fbAQLP

exports[`<App /> should render correctly 1`] = `
"<div className=\\"todo-app\\">
  <AppHeader toDo={3} done={0} />
  <TodoList todos={{...}} onDeleted={[Function: deleteItem]} onToggleImportant={[Function: toggleImportant]} onToggleDone={[Function: toggleDone]} />
  <ItemAddForm onItemAdded={[Function: addItem]} />
</div>"
`;

exports[`<App /> should render correctly2 1`] = `
"<App>
  <div className=\\"todo-app\\">
    <AppHeader toDo={3} done={0}>
      <div className=\\"app-header d-flex\\">
        <h1>
          Todo List
        </h1>
        <h2>
          3
           more to do, 
          0
           done
        </h2>
      </div>
    </AppHeader>
    <TodoList todos={{...}} onDeleted={[Function: deleteItem]} onToggleImportant={[Function: toggleImportant]} onToggleDone={[Function: toggleDone]}>
      <ul className=\\"list-group todo-list\\">
        <li id=\\"i1\\" className=\\"list-group-item\\">
          <TodoListItem label=\\"1\\" important={false} done={false} onDeleted={[Function: onDeleted]} onToggleImportant={[Function: onToggleImportant]} onToggleDone={[Function: onToggleDone]}>
            <span className=\\"todo-list-item\\">
              <span className=\\"todo-list-item-label\\" onClick={[Function: onToggleDone]}>
                1
              </span>
              <button type=\\"button\\" className=\\"btn btn-outline-success btn-sm float-right\\" onClick={[Function: onToggleImportant]}>
                <i className=\\"fa fa-exclamation\\" />
              </button>
              <button type=\\"button\\" className=\\"btn btn-outline-danger btn-sm float-right\\" onClick={[Function: onDeleted]}>
                <i className=\\"fa fa-trash-o\\" />
              </button>
            </span>
          </TodoListItem>
        </li>
        <li id=\\"i2\\" className=\\"list-group-item\\">
          <TodoListItem label=\\"2\\" important={false} done={false} onDeleted={[Function: onDeleted]} onToggleImportant={[Function: onToggleImportant]} onToggleDone={[Function: onToggleDone]}>
            <span className=\\"todo-list-item\\">
              <span className=\\"todo-list-item-label\\" onClick={[Function: onToggleDone]}>
                2
              </span>
              <button type=\\"button\\" className=\\"btn btn-outline-success btn-sm float-right\\" onClick={[Function: onToggleImportant]}>
                <i className=\\"fa fa-exclamation\\" />
              </button>
              <button type=\\"button\\" className=\\"btn btn-outline-danger btn-sm float-right\\" onClick={[Function: onDeleted]}>
                <i className=\\"fa fa-trash-o\\" />
              </button>
            </span>
          </TodoListItem>
        </li>
        <li id=\\"i3\\" className=\\"list-group-item\\">
          <TodoListItem label=\\"3\\" important={false} done={false} onDeleted={[Function: onDeleted]} onToggleImportant={[Function: onToggleImportant]} onToggleDone={[Function: onToggleDone]}>
            <span className=\\"todo-list-item\\">
              <span className=\\"todo-list-item-label\\" onClick={[Function: onToggleDone]}>
                3
              </span>
              <button type=\\"button\\" className=\\"btn btn-outline-success btn-sm float-right\\" onClick={[Function: onToggleImportant]}>
                <i className=\\"fa fa-exclamation\\" />
              </button>
              <button type=\\"button\\" className=\\"btn btn-outline-danger btn-sm float-right\\" onClick={[Function: onDeleted]}>
                <i className=\\"fa fa-trash-o\\" />
              </button>
            </span>
          </TodoListItem>
        </li>
      </ul>
    </TodoList>
    <ItemAddForm onItemAdded={[Function: addItem]}>
      <form className=\\"item-add-form d-flex\\" onSubmit={[Function: onSubmit]}>
        <input type=\\"text\\" className=\\"form-control\\" onChange={[Function: onLabelChange]} placeholder=\\"What needs to be done\\" value=\\"\\" />
        <button className=\\"btn btn-outline-secondary\\">
          Add
        </button>
      </form>
    </ItemAddForm>
  </div>
</App>"
`;
